--------------------------------------------------------------------------------------
Timing Analyzer Summary
--------------------------------------------------------------------------------------

Type           : Worst-case tco
Slack          : N/A
Required Time  : None
Actual Time    : 12.836 ns
From           : altsyncram:REG_Files_rtl_1|altsyncram_6bi1:auto_generated|ram_block1a4~portb_address_reg0
To             : ID_busB[28]
From Clock     : clk
To Clock       : --
Failed Paths   : 0

Type           : Clock Setup: 'clk'
Slack          : N/A
Required Time  : None
Actual Time    : 94.86 MHz ( period = 10.542 ns )
From           : RegID:regid|EXE_busB[0]
To             : ALU:alu|Zero
From Clock     : clk
To Clock       : clk
Failed Paths   : 0

Type           : Total number of failed paths
Slack          : 
Required Time  : 
Actual Time    : 
From           : 
To             : 
From Clock     : 
To Clock       : 
Failed Paths   : 0

--------------------------------------------------------------------------------------

